J03-T2 {'C1': 4, 'C2': 4, 'C3': 4, 'C4': 4, 'C5': 4, 'R1': 4, 'R2': 4, 'R3': 3}
N01-T1 {'C1': 4, 'C2': 4, 'C3': 4, 'C4': 4, 'C5': 4}
E04-T1 {'C1': 4, 'C2': 4, 'C3': 4, 'C4': 4, 'C5': 4, 'R1': 4, 'R2': 4, 'R3': 3}
M04-T1 {'C1': 4, 'C2': 4, 'C3': 4, 'C4': 4, 'C5': 4}
M02-T1 {'C1': 4, 'C2': 4, 'C3': 4, 'C4': 4, 'C5': 4}
J03-T1 {'C1': 4, 'C2': 4, 'C3': 4, 'C4': 4, 'C5': 4, 'R1': 4, 'R2': 4, 'R3': 3}
E01-T1 {'C1': 4, 'C2': 4, 'C3': 4, 'C4': 4, 'C5': 4, 'R1': 4, 'R2': 4, 'R3': 3}
ERROR J03-T3 AssertionError 
B05-T1 {'C1': 4, 'C2': 4, 'C3': 4, 'C4': 4, 'C5': 4}
G03-T1 {'C1': 4, 'C2': 4, 'C3': 4, 'C4': 4, 'C5': 4}
N03-T1 {'C1': 4, 'C2': 4, 'C3': 4, 'C4': 4, 'C5': 4}
G02-T1 {'C1': 4, 'C2': 4, 'C3': 4, 'C4': 4, 'C5': 4}
E03-T1 {'C1': 4, 'C2': 4, 'C3': 4, 'C4': 3, 'C5': 4, 'R1': 4, 'R2': 4, 'R3': 3}
C03-T1 {'C1': 4, 'C2': 4, 'C3': 4, 'C4': 4, 'C5': 4, 'R1': 4, 'R2': 4, 'R3': 3}
J04-T3 {'C1': 3, 'C2': 3, 'C3': 3, 'C4': 3, 'C5': 3, 'R1': 3, 'R2': 3, 'R3': 3}
I05-T1 {'C1': 3, 'C2': 3, 'C3': 3, 'C4': 3, 'C5': 3}
J01-T1 {'C1': 3, 'C2': 4, 'C3': 3, 'C4': 3, 'C5': 4}
J04-T2 {'C1': 4, 'C2': 4, 'C3': 4, 'C4': 3, 'C5': 4, 'R1': 4, 'R2': 4, 'R3': 3}
H01-T1 {'C1': 3, 'C2': 4, 'C3': 4, 'C4': 3, 'C5': 4, 'R1': 3, 'R2': 3, 'R3': 2}
D03-T1 {'C1': 4, 'C2': 4, 'C3': 4, 'C4': 3, 'C5': 4, 'R1': 4, 'R2': 4, 'R3': 3}
N04-T1 {'C1': 4, 'C2': 4, 'C3': 4, 'C4': 4, 'C5': 4}
G05-T1 {'C1': 4, 'C2': 4, 'C3': 4, 'C4': 4, 'C5': 4}
L03-T1 {'C1': 4, 'C2': 4, 'C3': 4, 'C4': 4, 'C5': 4}
C02-T1 {'C1': 4, 'C2': 4, 'C3': 4, 'C4': 4, 'C5': 4, 'R1': 4, 'R2': 4, 'R3': 3}
I02-T1 {'C1': 3, 'C2': 3, 'C3': 3, 'C4': 2, 'C5': 3}
L04-T1 {'C1': 4, 'C2': 4, 'C3': 4, 'C4': 4, 'C5': 4}
J05-T3 {'C1': 4, 'C2': 4, 'C3': 4, 'C4': 3, 'C5': 4}
J01-T3 {'C1': 3, 'C2': 4, 'C3': 4, 'C4': 3, 'C5': 3}
F05-T1 {'C1': 4, 'C2': 4, 'C3': 4, 'C4': 4, 'C5': 3, 'R1': 4, 'R2': 4, 'R3': 3}
G04-T1 {'C1': 4, 'C2': 4, 'C3': 4, 'C4': 4, 'C5': 4}
N05-T1 {'C1': 4, 'C2': 4, 'C3': 4, 'C4': 4, 'C5': 4}
N02-T1 {'C1': 4, 'C2': 4, 'C3': 4, 'C4': 4, 'C5': 4}
H05-T1 {'C1': 4, 'C2': 4, 'C3': 4, 'C4': 4, 'C5': 4, 'R1': 4, 'R2': 4, 'R3': 3}
C01-T1 {'C1': 4, 'C2': 4, 'C3': 4, 'C4': 4, 'C5': 4, 'R1': 4, 'R2': 4, 'R3': 3}
J01-T2 {'C1': 4, 'C2': 4, 'C3': 4, 'C4': 3, 'C5': 4}
ERROR M03-T1 JSONDecodeError Expecting ':' delimiter: line 1 column 888 (char 887)
C05-T1 {'C1': 4, 'C2': 4, 'C3': 4, 'C4': 4, 'C5': 4, 'R1': 4, 'R2': 4, 'R3': 3}
L01-T1 {'C1': 4, 'C2': 4, 'C3': 4, 'C4': 3, 'C5': 4}
J05-T1 {'C1': 4, 'C2': 4, 'C3': 4, 'C4': 4, 'C5': 4}
H03-T1 {'C1': 4, 'C2': 4, 'C3': 4, 'C4': 4, 'C5': 4, 'R1': 4, 'R2': 4, 'R3': 3}
E02-T1 {'C1': 4, 'C2': 4, 'C3': 4, 'C4': 3, 'C5': 4, 'R1': 4, 'R2': 4, 'R3': 3}
I03-T1 {'C1': 3, 'C2': 3, 'C3': 3, 'C4': 2, 'C5': 3}
A02-T1 {'C1': 4, 'C2': 4, 'C3': 4, 'C4': 4, 'C5': 4}
M05-T1 {'C1': 4, 'C2': 4, 'C3': 4, 'C4': 3, 'C5': 4, 'R1': 3, 'R2': 3, 'R3': 3}
B01-T1 {'C1': 4, 'C2': 4, 'C3': 4, 'C4': 4, 'C5': 4}
